// Vitest Snapshot v1, https://vitest.dev/guide/snapshot.html

exports[`App > renders headline 1`] = `
<div>
  <div
    style="padding: 10px; display: flex; gap: 10px; flex-direction: column; text-align: center;"
  >
    <div>
      <input
        data-testid="theInput"
        placeholder="..."
        style="padding-right: 25px;"
        value=""
      />
    </div>
    <div
      style="display: flex; gap: 5px; align-self: center;"
    >
      <button
        disabled=""
      >
        -
      </button>
      0
      <button>
        +
      </button>
    </div>
  </div>
</div>
`;
